// Vitest Snapshot v1

exports[`ImageGrid > should render a grid with images 1`] = `
"<div class=\\"bg-slate-800 flex flex-col rounded-md overflow-x-scroll xl:overflow-x-none xl:overflow-y-scroll p-2\\">
  <div class=\\"flex xl:grid xl:grid-cols-2 min-h-min w-48 xl:w-64 gap-2 rounded-md\\">
    <div class=\\"tm-ig-image min-w-full bg-slate-700 flex flex-col cursor-pointer border-2 rounded-md overflow-hidden items-center justify-center border-slate-700 hover:border-slate-600\\"><img class=\\"max-w-48 max-h-48\\" src=\\"https://some-url/image-0.png\\" alt=\\"image-0.png\\"><span class=\\"w-full font-bold text-sm text-center py-1 bg-slate-700 text-slate-400\\">image-0.png</span></div>
    <div class=\\"tm-ig-image min-w-full bg-slate-700 flex flex-col cursor-pointer border-2 rounded-md overflow-hidden items-center justify-center border-slate-700 hover:border-slate-600\\"><img class=\\"max-w-48 max-h-48\\" src=\\"https://some-url/image-1.png\\" alt=\\"image-1.png\\"><span class=\\"w-full font-bold text-sm text-center py-1 bg-slate-700 text-slate-400\\">image-1.png</span></div>
    <div class=\\"tm-ig-image min-w-full bg-slate-700 flex flex-col cursor-pointer border-2 rounded-md overflow-hidden items-center justify-center border-slate-700 hover:border-slate-600\\"><img class=\\"max-w-48 max-h-48\\" src=\\"https://some-url/image-2.png\\" alt=\\"image-2.png\\"><span class=\\"w-full font-bold text-sm text-center py-1 bg-slate-700 text-slate-400\\">image-2.png</span></div>
    <div class=\\"tm-ig-image min-w-full bg-slate-700 flex flex-col cursor-pointer border-2 rounded-md overflow-hidden items-center justify-center border-slate-700 hover:border-slate-600\\"><img class=\\"max-w-48 max-h-48\\" src=\\"https://some-url/image-3.png\\" alt=\\"image-3.png\\"><span class=\\"w-full font-bold text-sm text-center py-1 bg-slate-700 text-slate-400\\">image-3.png</span></div>
    <div class=\\"tm-ig-image min-w-full bg-slate-700 flex flex-col cursor-pointer border-2 rounded-md overflow-hidden items-center justify-center border-slate-700 hover:border-slate-600\\"><img class=\\"max-w-48 max-h-48\\" src=\\"https://some-url/image-4.png\\" alt=\\"image-4.png\\"><span class=\\"w-full font-bold text-sm text-center py-1 bg-slate-700 text-slate-400\\">image-4.png</span></div>
    <div class=\\"tm-ig-image min-w-full bg-slate-700 flex flex-col cursor-pointer border-2 rounded-md overflow-hidden items-center justify-center border-slate-700 hover:border-slate-600\\"><img class=\\"max-w-48 max-h-48\\" src=\\"https://some-url/image-5.png\\" alt=\\"image-5.png\\"><span class=\\"w-full font-bold text-sm text-center py-1 bg-slate-700 text-slate-400\\">image-5.png</span></div>
    <div class=\\"tm-ig-image min-w-full bg-slate-700 flex flex-col cursor-pointer border-2 rounded-md overflow-hidden items-center justify-center border-slate-700 hover:border-slate-600\\"><img class=\\"max-w-48 max-h-48\\" src=\\"https://some-url/image-6.png\\" alt=\\"image-6.png\\"><span class=\\"w-full font-bold text-sm text-center py-1 bg-slate-700 text-slate-400\\">image-6.png</span></div>
    <div class=\\"tm-ig-image min-w-full bg-slate-700 flex flex-col cursor-pointer border-2 rounded-md overflow-hidden items-center justify-center border-slate-700 hover:border-slate-600\\"><img class=\\"max-w-48 max-h-48\\" src=\\"https://some-url/image-7.png\\" alt=\\"image-7.png\\"><span class=\\"w-full font-bold text-sm text-center py-1 bg-slate-700 text-slate-400\\">image-7.png</span></div>
    <div class=\\"tm-ig-image min-w-full bg-slate-700 flex flex-col cursor-pointer border-2 rounded-md overflow-hidden items-center justify-center border-slate-700 hover:border-slate-600\\"><img class=\\"max-w-48 max-h-48\\" src=\\"https://some-url/image-8.png\\" alt=\\"image-8.png\\"><span class=\\"w-full font-bold text-sm text-center py-1 bg-slate-700 text-slate-400\\">image-8.png</span></div>
    <div class=\\"tm-ig-image min-w-full bg-slate-700 flex flex-col cursor-pointer border-2 rounded-md overflow-hidden items-center justify-center border-slate-700 hover:border-slate-600\\"><img class=\\"max-w-48 max-h-48\\" src=\\"https://some-url/image-9.png\\" alt=\\"image-9.png\\"><span class=\\"w-full font-bold text-sm text-center py-1 bg-slate-700 text-slate-400\\">image-9.png</span></div>
    <div class=\\"tm-ig-image min-w-full bg-slate-700 flex flex-col cursor-pointer border-2 rounded-md overflow-hidden items-center justify-center border-slate-700 hover:border-slate-600\\"><img class=\\"max-w-48 max-h-48\\" src=\\"https://some-url/image-10.png\\" alt=\\"image-10.png\\"><span class=\\"w-full font-bold text-sm text-center py-1 bg-slate-700 text-slate-400\\">image-10.png</span></div>
    <div class=\\"tm-ig-image min-w-full bg-slate-700 flex flex-col cursor-pointer border-2 rounded-md overflow-hidden items-center justify-center border-slate-700 hover:border-slate-600\\"><img class=\\"max-w-48 max-h-48\\" src=\\"https://some-url/image-11.png\\" alt=\\"image-11.png\\"><span class=\\"w-full font-bold text-sm text-center py-1 bg-slate-700 text-slate-400\\">image-11.png</span></div>
    <div class=\\"tm-ig-image min-w-full bg-slate-700 flex flex-col cursor-pointer border-2 rounded-md overflow-hidden items-center justify-center border-slate-700 hover:border-slate-600\\"><img class=\\"max-w-48 max-h-48\\" src=\\"https://some-url/image-12.png\\" alt=\\"image-12.png\\"><span class=\\"w-full font-bold text-sm text-center py-1 bg-slate-700 text-slate-400\\">image-12.png</span></div>
    <div class=\\"tm-ig-image min-w-full bg-slate-700 flex flex-col cursor-pointer border-2 rounded-md overflow-hidden items-center justify-center border-slate-700 hover:border-slate-600\\"><img class=\\"max-w-48 max-h-48\\" src=\\"https://some-url/image-13.png\\" alt=\\"image-13.png\\"><span class=\\"w-full font-bold text-sm text-center py-1 bg-slate-700 text-slate-400\\">image-13.png</span></div>
    <div class=\\"tm-ig-image min-w-full bg-slate-700 flex flex-col cursor-pointer border-2 rounded-md overflow-hidden items-center justify-center border-slate-700 hover:border-slate-600\\"><img class=\\"max-w-48 max-h-48\\" src=\\"https://some-url/image-14.png\\" alt=\\"image-14.png\\"><span class=\\"w-full font-bold text-sm text-center py-1 bg-slate-700 text-slate-400\\">image-14.png</span></div>
    <div class=\\"tm-ig-image min-w-full bg-slate-700 flex flex-col cursor-pointer border-2 rounded-md overflow-hidden items-center justify-center border-slate-700 hover:border-slate-600\\"><img class=\\"max-w-48 max-h-48\\" src=\\"https://some-url/image-15.png\\" alt=\\"image-15.png\\"><span class=\\"w-full font-bold text-sm text-center py-1 bg-slate-700 text-slate-400\\">image-15.png</span></div>
    <div class=\\"tm-ig-image min-w-full bg-slate-700 flex flex-col cursor-pointer border-2 rounded-md overflow-hidden items-center justify-center border-slate-700 hover:border-slate-600\\"><img class=\\"max-w-48 max-h-48\\" src=\\"https://some-url/image-16.png\\" alt=\\"image-16.png\\"><span class=\\"w-full font-bold text-sm text-center py-1 bg-slate-700 text-slate-400\\">image-16.png</span></div>
    <div class=\\"tm-ig-image min-w-full bg-slate-700 flex flex-col cursor-pointer border-2 rounded-md overflow-hidden items-center justify-center border-slate-700 hover:border-slate-600\\"><img class=\\"max-w-48 max-h-48\\" src=\\"https://some-url/image-17.png\\" alt=\\"image-17.png\\"><span class=\\"w-full font-bold text-sm text-center py-1 bg-slate-700 text-slate-400\\">image-17.png</span></div>
    <div class=\\"tm-ig-image min-w-full bg-slate-700 flex flex-col cursor-pointer border-2 rounded-md overflow-hidden items-center justify-center border-slate-700 hover:border-slate-600\\"><img class=\\"max-w-48 max-h-48\\" src=\\"https://some-url/image-18.png\\" alt=\\"image-18.png\\"><span class=\\"w-full font-bold text-sm text-center py-1 bg-slate-700 text-slate-400\\">image-18.png</span></div>
    <div class=\\"tm-ig-image min-w-full bg-slate-700 flex flex-col cursor-pointer border-2 rounded-md overflow-hidden items-center justify-center border-slate-700 hover:border-slate-600\\"><img class=\\"max-w-48 max-h-48\\" src=\\"https://some-url/image-19.png\\" alt=\\"image-19.png\\"><span class=\\"w-full font-bold text-sm text-center py-1 bg-slate-700 text-slate-400\\">image-19.png</span></div>
    <div class=\\"tm-ig-image min-w-full bg-slate-700 flex flex-col cursor-pointer border-2 rounded-md overflow-hidden items-center justify-center border-slate-700 hover:border-slate-600\\"><img class=\\"max-w-48 max-h-48\\" src=\\"https://some-url/image-20.png\\" alt=\\"image-20.png\\"><span class=\\"w-full font-bold text-sm text-center py-1 bg-slate-700 text-slate-400\\">image-20.png</span></div>
    <div class=\\"tm-ig-image min-w-full bg-slate-700 flex flex-col cursor-pointer border-2 rounded-md overflow-hidden items-center justify-center border-slate-700 hover:border-slate-600\\"><img class=\\"max-w-48 max-h-48\\" src=\\"https://some-url/image-21.png\\" alt=\\"image-21.png\\"><span class=\\"w-full font-bold text-sm text-center py-1 bg-slate-700 text-slate-400\\">image-21.png</span></div>
    <div class=\\"tm-ig-image min-w-full bg-slate-700 flex flex-col cursor-pointer border-2 rounded-md overflow-hidden items-center justify-center border-slate-700 hover:border-slate-600\\"><img class=\\"max-w-48 max-h-48\\" src=\\"https://some-url/image-22.png\\" alt=\\"image-22.png\\"><span class=\\"w-full font-bold text-sm text-center py-1 bg-slate-700 text-slate-400\\">image-22.png</span></div>
    <div class=\\"tm-ig-image min-w-full bg-slate-700 flex flex-col cursor-pointer border-2 rounded-md overflow-hidden items-center justify-center border-slate-700 hover:border-slate-600\\"><img class=\\"max-w-48 max-h-48\\" src=\\"https://some-url/image-23.png\\" alt=\\"image-23.png\\"><span class=\\"w-full font-bold text-sm text-center py-1 bg-slate-700 text-slate-400\\">image-23.png</span></div>
    <div class=\\"tm-ig-image min-w-full bg-slate-700 flex flex-col cursor-pointer border-2 rounded-md overflow-hidden items-center justify-center border-slate-700 hover:border-slate-600\\"><img class=\\"max-w-48 max-h-48\\" src=\\"https://some-url/image-24.png\\" alt=\\"image-24.png\\"><span class=\\"w-full font-bold text-sm text-center py-1 bg-slate-700 text-slate-400\\">image-24.png</span></div>
    <div class=\\"tm-ig-image min-w-full bg-slate-700 flex flex-col cursor-pointer border-2 rounded-md overflow-hidden items-center justify-center border-slate-700 hover:border-slate-600\\"><img class=\\"max-w-48 max-h-48\\" src=\\"https://some-url/image-25.png\\" alt=\\"image-25.png\\"><span class=\\"w-full font-bold text-sm text-center py-1 bg-slate-700 text-slate-400\\">image-25.png</span></div>
    <div class=\\"tm-ig-image min-w-full bg-slate-700 flex flex-col cursor-pointer border-2 rounded-md overflow-hidden items-center justify-center border-slate-700 hover:border-slate-600\\"><img class=\\"max-w-48 max-h-48\\" src=\\"https://some-url/image-26.png\\" alt=\\"image-26.png\\"><span class=\\"w-full font-bold text-sm text-center py-1 bg-slate-700 text-slate-400\\">image-26.png</span></div>
    <div class=\\"tm-ig-image min-w-full bg-slate-700 flex flex-col cursor-pointer border-2 rounded-md overflow-hidden items-center justify-center border-slate-700 hover:border-slate-600\\"><img class=\\"max-w-48 max-h-48\\" src=\\"https://some-url/image-27.png\\" alt=\\"image-27.png\\"><span class=\\"w-full font-bold text-sm text-center py-1 bg-slate-700 text-slate-400\\">image-27.png</span></div>
    <div class=\\"tm-ig-image min-w-full bg-slate-700 flex flex-col cursor-pointer border-2 rounded-md overflow-hidden items-center justify-center border-slate-700 hover:border-slate-600\\"><img class=\\"max-w-48 max-h-48\\" src=\\"https://some-url/image-28.png\\" alt=\\"image-28.png\\"><span class=\\"w-full font-bold text-sm text-center py-1 bg-slate-700 text-slate-400\\">image-28.png</span></div>
    <div class=\\"tm-ig-image min-w-full bg-slate-700 flex flex-col cursor-pointer border-2 rounded-md overflow-hidden items-center justify-center border-slate-700 hover:border-slate-600\\"><img class=\\"max-w-48 max-h-48\\" src=\\"https://some-url/image-29.png\\" alt=\\"image-29.png\\"><span class=\\"w-full font-bold text-sm text-center py-1 bg-slate-700 text-slate-400\\">image-29.png</span></div>
    <div class=\\"tm-ig-image min-w-full bg-slate-700 flex flex-col cursor-pointer border-2 rounded-md overflow-hidden items-center justify-center border-slate-700 hover:border-slate-600\\"><img class=\\"max-w-48 max-h-48\\" src=\\"https://some-url/image-30.png\\" alt=\\"image-30.png\\"><span class=\\"w-full font-bold text-sm text-center py-1 bg-slate-700 text-slate-400\\">image-30.png</span></div>
    <div class=\\"tm-ig-image min-w-full bg-slate-700 flex flex-col cursor-pointer border-2 rounded-md overflow-hidden items-center justify-center border-slate-700 hover:border-slate-600\\"><img class=\\"max-w-48 max-h-48\\" src=\\"https://some-url/image-31.png\\" alt=\\"image-31.png\\"><span class=\\"w-full font-bold text-sm text-center py-1 bg-slate-700 text-slate-400\\">image-31.png</span></div>
    <div class=\\"tm-ig-image min-w-full bg-slate-700 flex flex-col cursor-pointer border-2 rounded-md overflow-hidden items-center justify-center border-slate-700 hover:border-slate-600\\"><img class=\\"max-w-48 max-h-48\\" src=\\"https://some-url/image-32.png\\" alt=\\"image-32.png\\"><span class=\\"w-full font-bold text-sm text-center py-1 bg-slate-700 text-slate-400\\">image-32.png</span></div>
    <div class=\\"tm-ig-image min-w-full bg-slate-700 flex flex-col cursor-pointer border-2 rounded-md overflow-hidden items-center justify-center border-slate-700 hover:border-slate-600\\"><img class=\\"max-w-48 max-h-48\\" src=\\"https://some-url/image-33.png\\" alt=\\"image-33.png\\"><span class=\\"w-full font-bold text-sm text-center py-1 bg-slate-700 text-slate-400\\">image-33.png</span></div>
    <div class=\\"tm-ig-image min-w-full bg-slate-700 flex flex-col cursor-pointer border-2 rounded-md overflow-hidden items-center justify-center border-slate-700 hover:border-slate-600\\"><img class=\\"max-w-48 max-h-48\\" src=\\"https://some-url/image-34.png\\" alt=\\"image-34.png\\"><span class=\\"w-full font-bold text-sm text-center py-1 bg-slate-700 text-slate-400\\">image-34.png</span></div>
    <div class=\\"tm-ig-image min-w-full bg-slate-700 flex flex-col cursor-pointer border-2 rounded-md overflow-hidden items-center justify-center border-slate-700 hover:border-slate-600\\"><img class=\\"max-w-48 max-h-48\\" src=\\"https://some-url/image-35.png\\" alt=\\"image-35.png\\"><span class=\\"w-full font-bold text-sm text-center py-1 bg-slate-700 text-slate-400\\">image-35.png</span></div>
    <div class=\\"tm-ig-image min-w-full bg-slate-700 flex flex-col cursor-pointer border-2 rounded-md overflow-hidden items-center justify-center border-slate-700 hover:border-slate-600\\"><img class=\\"max-w-48 max-h-48\\" src=\\"https://some-url/image-36.png\\" alt=\\"image-36.png\\"><span class=\\"w-full font-bold text-sm text-center py-1 bg-slate-700 text-slate-400\\">image-36.png</span></div>
    <div class=\\"tm-ig-image min-w-full bg-slate-700 flex flex-col cursor-pointer border-2 rounded-md overflow-hidden items-center justify-center border-slate-700 hover:border-slate-600\\"><img class=\\"max-w-48 max-h-48\\" src=\\"https://some-url/image-37.png\\" alt=\\"image-37.png\\"><span class=\\"w-full font-bold text-sm text-center py-1 bg-slate-700 text-slate-400\\">image-37.png</span></div>
    <div class=\\"tm-ig-image min-w-full bg-slate-700 flex flex-col cursor-pointer border-2 rounded-md overflow-hidden items-center justify-center border-slate-700 hover:border-slate-600\\"><img class=\\"max-w-48 max-h-48\\" src=\\"https://some-url/image-38.png\\" alt=\\"image-38.png\\"><span class=\\"w-full font-bold text-sm text-center py-1 bg-slate-700 text-slate-400\\">image-38.png</span></div>
    <div class=\\"tm-ig-image min-w-full bg-slate-700 flex flex-col cursor-pointer border-2 rounded-md overflow-hidden items-center justify-center border-slate-700 hover:border-slate-600\\"><img class=\\"max-w-48 max-h-48\\" src=\\"https://some-url/image-39.png\\" alt=\\"image-39.png\\"><span class=\\"w-full font-bold text-sm text-center py-1 bg-slate-700 text-slate-400\\">image-39.png</span></div>
    <div class=\\"tm-ig-image min-w-full bg-slate-700 flex flex-col cursor-pointer border-2 rounded-md overflow-hidden items-center justify-center border-slate-700 hover:border-slate-600\\"><img class=\\"max-w-48 max-h-48\\" src=\\"https://some-url/image-40.png\\" alt=\\"image-40.png\\"><span class=\\"w-full font-bold text-sm text-center py-1 bg-slate-700 text-slate-400\\">image-40.png</span></div>
    <div class=\\"tm-ig-image min-w-full bg-slate-700 flex flex-col cursor-pointer border-2 rounded-md overflow-hidden items-center justify-center border-slate-700 hover:border-slate-600\\"><img class=\\"max-w-48 max-h-48\\" src=\\"https://some-url/image-41.png\\" alt=\\"image-41.png\\"><span class=\\"w-full font-bold text-sm text-center py-1 bg-slate-700 text-slate-400\\">image-41.png</span></div>
    <div class=\\"tm-ig-image min-w-full bg-slate-700 flex flex-col cursor-pointer border-2 rounded-md overflow-hidden items-center justify-center border-slate-700 hover:border-slate-600\\"><img class=\\"max-w-48 max-h-48\\" src=\\"https://some-url/image-42.png\\" alt=\\"image-42.png\\"><span class=\\"w-full font-bold text-sm text-center py-1 bg-slate-700 text-slate-400\\">image-42.png</span></div>
    <div class=\\"tm-ig-image min-w-full bg-slate-700 flex flex-col cursor-pointer border-2 rounded-md overflow-hidden items-center justify-center border-slate-700 hover:border-slate-600\\"><img class=\\"max-w-48 max-h-48\\" src=\\"https://some-url/image-43.png\\" alt=\\"image-43.png\\"><span class=\\"w-full font-bold text-sm text-center py-1 bg-slate-700 text-slate-400\\">image-43.png</span></div>
    <div class=\\"tm-ig-image min-w-full bg-slate-700 flex flex-col cursor-pointer border-2 rounded-md overflow-hidden items-center justify-center border-slate-700 hover:border-slate-600\\"><img class=\\"max-w-48 max-h-48\\" src=\\"https://some-url/image-44.png\\" alt=\\"image-44.png\\"><span class=\\"w-full font-bold text-sm text-center py-1 bg-slate-700 text-slate-400\\">image-44.png</span></div>
    <div class=\\"tm-ig-image min-w-full bg-slate-700 flex flex-col cursor-pointer border-2 rounded-md overflow-hidden items-center justify-center border-slate-700 hover:border-slate-600\\"><img class=\\"max-w-48 max-h-48\\" src=\\"https://some-url/image-45.png\\" alt=\\"image-45.png\\"><span class=\\"w-full font-bold text-sm text-center py-1 bg-slate-700 text-slate-400\\">image-45.png</span></div>
    <div class=\\"tm-ig-image min-w-full bg-slate-700 flex flex-col cursor-pointer border-2 rounded-md overflow-hidden items-center justify-center border-slate-700 hover:border-slate-600\\"><img class=\\"max-w-48 max-h-48\\" src=\\"https://some-url/image-46.png\\" alt=\\"image-46.png\\"><span class=\\"w-full font-bold text-sm text-center py-1 bg-slate-700 text-slate-400\\">image-46.png</span></div>
    <div class=\\"tm-ig-image min-w-full bg-slate-700 flex flex-col cursor-pointer border-2 rounded-md overflow-hidden items-center justify-center border-slate-700 hover:border-slate-600\\"><img class=\\"max-w-48 max-h-48\\" src=\\"https://some-url/image-47.png\\" alt=\\"image-47.png\\"><span class=\\"w-full font-bold text-sm text-center py-1 bg-slate-700 text-slate-400\\">image-47.png</span></div>
    <div class=\\"tm-ig-image min-w-full bg-slate-700 flex flex-col cursor-pointer border-2 rounded-md overflow-hidden items-center justify-center border-slate-700 hover:border-slate-600\\"><img class=\\"max-w-48 max-h-48\\" src=\\"https://some-url/image-48.png\\" alt=\\"image-48.png\\"><span class=\\"w-full font-bold text-sm text-center py-1 bg-slate-700 text-slate-400\\">image-48.png</span></div>
    <div class=\\"tm-ig-image min-w-full bg-slate-700 flex flex-col cursor-pointer border-2 rounded-md overflow-hidden items-center justify-center border-slate-700 hover:border-slate-600\\"><img class=\\"max-w-48 max-h-48\\" src=\\"https://some-url/image-49.png\\" alt=\\"image-49.png\\"><span class=\\"w-full font-bold text-sm text-center py-1 bg-slate-700 text-slate-400\\">image-49.png</span></div>
    <div class=\\"tm-ig-image min-w-full bg-slate-700 flex flex-col cursor-pointer border-2 rounded-md overflow-hidden items-center justify-center border-slate-700 hover:border-slate-600\\"><img class=\\"max-w-48 max-h-48\\" src=\\"https://some-url/image-50.png\\" alt=\\"image-50.png\\"><span class=\\"w-full font-bold text-sm text-center py-1 bg-slate-700 text-slate-400\\">image-50.png</span></div>
    <div class=\\"tm-ig-image min-w-full bg-slate-700 flex flex-col cursor-pointer border-2 rounded-md overflow-hidden items-center justify-center border-slate-700 hover:border-slate-600\\"><img class=\\"max-w-48 max-h-48\\" src=\\"https://some-url/image-51.png\\" alt=\\"image-51.png\\"><span class=\\"w-full font-bold text-sm text-center py-1 bg-slate-700 text-slate-400\\">image-51.png</span></div>
    <div class=\\"tm-ig-image min-w-full bg-slate-700 flex flex-col cursor-pointer border-2 rounded-md overflow-hidden items-center justify-center border-slate-700 hover:border-slate-600\\"><img class=\\"max-w-48 max-h-48\\" src=\\"https://some-url/image-52.png\\" alt=\\"image-52.png\\"><span class=\\"w-full font-bold text-sm text-center py-1 bg-slate-700 text-slate-400\\">image-52.png</span></div>
    <div class=\\"tm-ig-image min-w-full bg-slate-700 flex flex-col cursor-pointer border-2 rounded-md overflow-hidden items-center justify-center border-slate-700 hover:border-slate-600\\"><img class=\\"max-w-48 max-h-48\\" src=\\"https://some-url/image-53.png\\" alt=\\"image-53.png\\"><span class=\\"w-full font-bold text-sm text-center py-1 bg-slate-700 text-slate-400\\">image-53.png</span></div>
    <div class=\\"tm-ig-image min-w-full bg-slate-700 flex flex-col cursor-pointer border-2 rounded-md overflow-hidden items-center justify-center border-slate-700 hover:border-slate-600\\"><img class=\\"max-w-48 max-h-48\\" src=\\"https://some-url/image-54.png\\" alt=\\"image-54.png\\"><span class=\\"w-full font-bold text-sm text-center py-1 bg-slate-700 text-slate-400\\">image-54.png</span></div>
    <div class=\\"tm-ig-image min-w-full bg-slate-700 flex flex-col cursor-pointer border-2 rounded-md overflow-hidden items-center justify-center border-slate-700 hover:border-slate-600\\"><img class=\\"max-w-48 max-h-48\\" src=\\"https://some-url/image-55.png\\" alt=\\"image-55.png\\"><span class=\\"w-full font-bold text-sm text-center py-1 bg-slate-700 text-slate-400\\">image-55.png</span></div>
    <div class=\\"tm-ig-image min-w-full bg-slate-700 flex flex-col cursor-pointer border-2 rounded-md overflow-hidden items-center justify-center border-slate-700 hover:border-slate-600\\"><img class=\\"max-w-48 max-h-48\\" src=\\"https://some-url/image-56.png\\" alt=\\"image-56.png\\"><span class=\\"w-full font-bold text-sm text-center py-1 bg-slate-700 text-slate-400\\">image-56.png</span></div>
    <div class=\\"tm-ig-image min-w-full bg-slate-700 flex flex-col cursor-pointer border-2 rounded-md overflow-hidden items-center justify-center border-slate-700 hover:border-slate-600\\"><img class=\\"max-w-48 max-h-48\\" src=\\"https://some-url/image-57.png\\" alt=\\"image-57.png\\"><span class=\\"w-full font-bold text-sm text-center py-1 bg-slate-700 text-slate-400\\">image-57.png</span></div>
    <div class=\\"tm-ig-image min-w-full bg-slate-700 flex flex-col cursor-pointer border-2 rounded-md overflow-hidden items-center justify-center border-slate-700 hover:border-slate-600\\"><img class=\\"max-w-48 max-h-48\\" src=\\"https://some-url/image-58.png\\" alt=\\"image-58.png\\"><span class=\\"w-full font-bold text-sm text-center py-1 bg-slate-700 text-slate-400\\">image-58.png</span></div>
    <div class=\\"tm-ig-image min-w-full bg-slate-700 flex flex-col cursor-pointer border-2 rounded-md overflow-hidden items-center justify-center border-slate-700 hover:border-slate-600\\"><img class=\\"max-w-48 max-h-48\\" src=\\"https://some-url/image-59.png\\" alt=\\"image-59.png\\"><span class=\\"w-full font-bold text-sm text-center py-1 bg-slate-700 text-slate-400\\">image-59.png</span></div>
    <div class=\\"tm-ig-image min-w-full bg-slate-700 flex flex-col cursor-pointer border-2 rounded-md overflow-hidden items-center justify-center border-slate-700 hover:border-slate-600\\"><img class=\\"max-w-48 max-h-48\\" src=\\"https://some-url/image-60.png\\" alt=\\"image-60.png\\"><span class=\\"w-full font-bold text-sm text-center py-1 bg-slate-700 text-slate-400\\">image-60.png</span></div>
    <div class=\\"tm-ig-image min-w-full bg-slate-700 flex flex-col cursor-pointer border-2 rounded-md overflow-hidden items-center justify-center border-slate-700 hover:border-slate-600\\"><img class=\\"max-w-48 max-h-48\\" src=\\"https://some-url/image-61.png\\" alt=\\"image-61.png\\"><span class=\\"w-full font-bold text-sm text-center py-1 bg-slate-700 text-slate-400\\">image-61.png</span></div>
    <div class=\\"tm-ig-image min-w-full bg-slate-700 flex flex-col cursor-pointer border-2 rounded-md overflow-hidden items-center justify-center border-slate-700 hover:border-slate-600\\"><img class=\\"max-w-48 max-h-48\\" src=\\"https://some-url/image-62.png\\" alt=\\"image-62.png\\"><span class=\\"w-full font-bold text-sm text-center py-1 bg-slate-700 text-slate-400\\">image-62.png</span></div>
    <div class=\\"tm-ig-image min-w-full bg-slate-700 flex flex-col cursor-pointer border-2 rounded-md overflow-hidden items-center justify-center border-slate-700 hover:border-slate-600\\"><img class=\\"max-w-48 max-h-48\\" src=\\"https://some-url/image-63.png\\" alt=\\"image-63.png\\"><span class=\\"w-full font-bold text-sm text-center py-1 bg-slate-700 text-slate-400\\">image-63.png</span></div>
    <div class=\\"tm-ig-image min-w-full bg-slate-700 flex flex-col cursor-pointer border-2 rounded-md overflow-hidden items-center justify-center border-slate-700 hover:border-slate-600\\"><img class=\\"max-w-48 max-h-48\\" src=\\"https://some-url/image-64.png\\" alt=\\"image-64.png\\"><span class=\\"w-full font-bold text-sm text-center py-1 bg-slate-700 text-slate-400\\">image-64.png</span></div>
    <div class=\\"tm-ig-image min-w-full bg-slate-700 flex flex-col cursor-pointer border-2 rounded-md overflow-hidden items-center justify-center border-slate-700 hover:border-slate-600\\"><img class=\\"max-w-48 max-h-48\\" src=\\"https://some-url/image-65.png\\" alt=\\"image-65.png\\"><span class=\\"w-full font-bold text-sm text-center py-1 bg-slate-700 text-slate-400\\">image-65.png</span></div>
    <div class=\\"tm-ig-image min-w-full bg-slate-700 flex flex-col cursor-pointer border-2 rounded-md overflow-hidden items-center justify-center border-slate-700 hover:border-slate-600\\"><img class=\\"max-w-48 max-h-48\\" src=\\"https://some-url/image-66.png\\" alt=\\"image-66.png\\"><span class=\\"w-full font-bold text-sm text-center py-1 bg-slate-700 text-slate-400\\">image-66.png</span></div>
    <div class=\\"tm-ig-image min-w-full bg-slate-700 flex flex-col cursor-pointer border-2 rounded-md overflow-hidden items-center justify-center border-slate-700 hover:border-slate-600\\"><img class=\\"max-w-48 max-h-48\\" src=\\"https://some-url/image-67.png\\" alt=\\"image-67.png\\"><span class=\\"w-full font-bold text-sm text-center py-1 bg-slate-700 text-slate-400\\">image-67.png</span></div>
    <div class=\\"tm-ig-image min-w-full bg-slate-700 flex flex-col cursor-pointer border-2 rounded-md overflow-hidden items-center justify-center border-slate-700 hover:border-slate-600\\"><img class=\\"max-w-48 max-h-48\\" src=\\"https://some-url/image-68.png\\" alt=\\"image-68.png\\"><span class=\\"w-full font-bold text-sm text-center py-1 bg-slate-700 text-slate-400\\">image-68.png</span></div>
    <div class=\\"tm-ig-image min-w-full bg-slate-700 flex flex-col cursor-pointer border-2 rounded-md overflow-hidden items-center justify-center border-slate-700 hover:border-slate-600\\"><img class=\\"max-w-48 max-h-48\\" src=\\"https://some-url/image-69.png\\" alt=\\"image-69.png\\"><span class=\\"w-full font-bold text-sm text-center py-1 bg-slate-700 text-slate-400\\">image-69.png</span></div>
    <div class=\\"tm-ig-image min-w-full bg-slate-700 flex flex-col cursor-pointer border-2 rounded-md overflow-hidden items-center justify-center border-slate-700 hover:border-slate-600\\"><img class=\\"max-w-48 max-h-48\\" src=\\"https://some-url/image-70.png\\" alt=\\"image-70.png\\"><span class=\\"w-full font-bold text-sm text-center py-1 bg-slate-700 text-slate-400\\">image-70.png</span></div>
    <div class=\\"tm-ig-image min-w-full bg-slate-700 flex flex-col cursor-pointer border-2 rounded-md overflow-hidden items-center justify-center border-slate-700 hover:border-slate-600\\"><img class=\\"max-w-48 max-h-48\\" src=\\"https://some-url/image-71.png\\" alt=\\"image-71.png\\"><span class=\\"w-full font-bold text-sm text-center py-1 bg-slate-700 text-slate-400\\">image-71.png</span></div>
    <div class=\\"tm-ig-image min-w-full bg-slate-700 flex flex-col cursor-pointer border-2 rounded-md overflow-hidden items-center justify-center border-slate-700 hover:border-slate-600\\"><img class=\\"max-w-48 max-h-48\\" src=\\"https://some-url/image-72.png\\" alt=\\"image-72.png\\"><span class=\\"w-full font-bold text-sm text-center py-1 bg-slate-700 text-slate-400\\">image-72.png</span></div>
    <div class=\\"tm-ig-image min-w-full bg-slate-700 flex flex-col cursor-pointer border-2 rounded-md overflow-hidden items-center justify-center border-slate-700 hover:border-slate-600\\"><img class=\\"max-w-48 max-h-48\\" src=\\"https://some-url/image-73.png\\" alt=\\"image-73.png\\"><span class=\\"w-full font-bold text-sm text-center py-1 bg-slate-700 text-slate-400\\">image-73.png</span></div>
    <div class=\\"tm-ig-image min-w-full bg-slate-700 flex flex-col cursor-pointer border-2 rounded-md overflow-hidden items-center justify-center border-slate-700 hover:border-slate-600\\"><img class=\\"max-w-48 max-h-48\\" src=\\"https://some-url/image-74.png\\" alt=\\"image-74.png\\"><span class=\\"w-full font-bold text-sm text-center py-1 bg-slate-700 text-slate-400\\">image-74.png</span></div>
    <div class=\\"tm-ig-image min-w-full bg-slate-700 flex flex-col cursor-pointer border-2 rounded-md overflow-hidden items-center justify-center border-slate-700 hover:border-slate-600\\"><img class=\\"max-w-48 max-h-48\\" src=\\"https://some-url/image-75.png\\" alt=\\"image-75.png\\"><span class=\\"w-full font-bold text-sm text-center py-1 bg-slate-700 text-slate-400\\">image-75.png</span></div>
    <div class=\\"tm-ig-image min-w-full bg-slate-700 flex flex-col cursor-pointer border-2 rounded-md overflow-hidden items-center justify-center border-slate-700 hover:border-slate-600\\"><img class=\\"max-w-48 max-h-48\\" src=\\"https://some-url/image-76.png\\" alt=\\"image-76.png\\"><span class=\\"w-full font-bold text-sm text-center py-1 bg-slate-700 text-slate-400\\">image-76.png</span></div>
    <div class=\\"tm-ig-image min-w-full bg-slate-700 flex flex-col cursor-pointer border-2 rounded-md overflow-hidden items-center justify-center border-slate-700 hover:border-slate-600\\"><img class=\\"max-w-48 max-h-48\\" src=\\"https://some-url/image-77.png\\" alt=\\"image-77.png\\"><span class=\\"w-full font-bold text-sm text-center py-1 bg-slate-700 text-slate-400\\">image-77.png</span></div>
    <div class=\\"tm-ig-image min-w-full bg-slate-700 flex flex-col cursor-pointer border-2 rounded-md overflow-hidden items-center justify-center border-slate-700 hover:border-slate-600\\"><img class=\\"max-w-48 max-h-48\\" src=\\"https://some-url/image-78.png\\" alt=\\"image-78.png\\"><span class=\\"w-full font-bold text-sm text-center py-1 bg-slate-700 text-slate-400\\">image-78.png</span></div>
    <div class=\\"tm-ig-image min-w-full bg-slate-700 flex flex-col cursor-pointer border-2 rounded-md overflow-hidden items-center justify-center border-slate-700 hover:border-slate-600\\"><img class=\\"max-w-48 max-h-48\\" src=\\"https://some-url/image-79.png\\" alt=\\"image-79.png\\"><span class=\\"w-full font-bold text-sm text-center py-1 bg-slate-700 text-slate-400\\">image-79.png</span></div>
    <div class=\\"tm-ig-image min-w-full bg-slate-700 flex flex-col cursor-pointer border-2 rounded-md overflow-hidden items-center justify-center border-slate-700 hover:border-slate-600\\"><img class=\\"max-w-48 max-h-48\\" src=\\"https://some-url/image-80.png\\" alt=\\"image-80.png\\"><span class=\\"w-full font-bold text-sm text-center py-1 bg-slate-700 text-slate-400\\">image-80.png</span></div>
    <div class=\\"tm-ig-image min-w-full bg-slate-700 flex flex-col cursor-pointer border-2 rounded-md overflow-hidden items-center justify-center border-slate-700 hover:border-slate-600\\"><img class=\\"max-w-48 max-h-48\\" src=\\"https://some-url/image-81.png\\" alt=\\"image-81.png\\"><span class=\\"w-full font-bold text-sm text-center py-1 bg-slate-700 text-slate-400\\">image-81.png</span></div>
    <div class=\\"tm-ig-image min-w-full bg-slate-700 flex flex-col cursor-pointer border-2 rounded-md overflow-hidden items-center justify-center border-slate-700 hover:border-slate-600\\"><img class=\\"max-w-48 max-h-48\\" src=\\"https://some-url/image-82.png\\" alt=\\"image-82.png\\"><span class=\\"w-full font-bold text-sm text-center py-1 bg-slate-700 text-slate-400\\">image-82.png</span></div>
    <div class=\\"tm-ig-image min-w-full bg-slate-700 flex flex-col cursor-pointer border-2 rounded-md overflow-hidden items-center justify-center border-slate-700 hover:border-slate-600\\"><img class=\\"max-w-48 max-h-48\\" src=\\"https://some-url/image-83.png\\" alt=\\"image-83.png\\"><span class=\\"w-full font-bold text-sm text-center py-1 bg-slate-700 text-slate-400\\">image-83.png</span></div>
    <div class=\\"tm-ig-image min-w-full bg-slate-700 flex flex-col cursor-pointer border-2 rounded-md overflow-hidden items-center justify-center border-slate-700 hover:border-slate-600\\"><img class=\\"max-w-48 max-h-48\\" src=\\"https://some-url/image-84.png\\" alt=\\"image-84.png\\"><span class=\\"w-full font-bold text-sm text-center py-1 bg-slate-700 text-slate-400\\">image-84.png</span></div>
    <div class=\\"tm-ig-image min-w-full bg-slate-700 flex flex-col cursor-pointer border-2 rounded-md overflow-hidden items-center justify-center border-slate-700 hover:border-slate-600\\"><img class=\\"max-w-48 max-h-48\\" src=\\"https://some-url/image-85.png\\" alt=\\"image-85.png\\"><span class=\\"w-full font-bold text-sm text-center py-1 bg-slate-700 text-slate-400\\">image-85.png</span></div>
    <div class=\\"tm-ig-image min-w-full bg-slate-700 flex flex-col cursor-pointer border-2 rounded-md overflow-hidden items-center justify-center border-slate-700 hover:border-slate-600\\"><img class=\\"max-w-48 max-h-48\\" src=\\"https://some-url/image-86.png\\" alt=\\"image-86.png\\"><span class=\\"w-full font-bold text-sm text-center py-1 bg-slate-700 text-slate-400\\">image-86.png</span></div>
    <div class=\\"tm-ig-image min-w-full bg-slate-700 flex flex-col cursor-pointer border-2 rounded-md overflow-hidden items-center justify-center border-slate-700 hover:border-slate-600\\"><img class=\\"max-w-48 max-h-48\\" src=\\"https://some-url/image-87.png\\" alt=\\"image-87.png\\"><span class=\\"w-full font-bold text-sm text-center py-1 bg-slate-700 text-slate-400\\">image-87.png</span></div>
    <div class=\\"tm-ig-image min-w-full bg-slate-700 flex flex-col cursor-pointer border-2 rounded-md overflow-hidden items-center justify-center border-slate-700 hover:border-slate-600\\"><img class=\\"max-w-48 max-h-48\\" src=\\"https://some-url/image-88.png\\" alt=\\"image-88.png\\"><span class=\\"w-full font-bold text-sm text-center py-1 bg-slate-700 text-slate-400\\">image-88.png</span></div>
    <div class=\\"tm-ig-image min-w-full bg-slate-700 flex flex-col cursor-pointer border-2 rounded-md overflow-hidden items-center justify-center border-slate-700 hover:border-slate-600\\"><img class=\\"max-w-48 max-h-48\\" src=\\"https://some-url/image-89.png\\" alt=\\"image-89.png\\"><span class=\\"w-full font-bold text-sm text-center py-1 bg-slate-700 text-slate-400\\">image-89.png</span></div>
    <div class=\\"tm-ig-image min-w-full bg-slate-700 flex flex-col cursor-pointer border-2 rounded-md overflow-hidden items-center justify-center border-slate-700 hover:border-slate-600\\"><img class=\\"max-w-48 max-h-48\\" src=\\"https://some-url/image-90.png\\" alt=\\"image-90.png\\"><span class=\\"w-full font-bold text-sm text-center py-1 bg-slate-700 text-slate-400\\">image-90.png</span></div>
    <div class=\\"tm-ig-image min-w-full bg-slate-700 flex flex-col cursor-pointer border-2 rounded-md overflow-hidden items-center justify-center border-slate-700 hover:border-slate-600\\"><img class=\\"max-w-48 max-h-48\\" src=\\"https://some-url/image-91.png\\" alt=\\"image-91.png\\"><span class=\\"w-full font-bold text-sm text-center py-1 bg-slate-700 text-slate-400\\">image-91.png</span></div>
    <div class=\\"tm-ig-image min-w-full bg-slate-700 flex flex-col cursor-pointer border-2 rounded-md overflow-hidden items-center justify-center border-slate-700 hover:border-slate-600\\"><img class=\\"max-w-48 max-h-48\\" src=\\"https://some-url/image-92.png\\" alt=\\"image-92.png\\"><span class=\\"w-full font-bold text-sm text-center py-1 bg-slate-700 text-slate-400\\">image-92.png</span></div>
    <div class=\\"tm-ig-image min-w-full bg-slate-700 flex flex-col cursor-pointer border-2 rounded-md overflow-hidden items-center justify-center border-slate-700 hover:border-slate-600\\"><img class=\\"max-w-48 max-h-48\\" src=\\"https://some-url/image-93.png\\" alt=\\"image-93.png\\"><span class=\\"w-full font-bold text-sm text-center py-1 bg-slate-700 text-slate-400\\">image-93.png</span></div>
    <div class=\\"tm-ig-image min-w-full bg-slate-700 flex flex-col cursor-pointer border-2 rounded-md overflow-hidden items-center justify-center border-slate-700 hover:border-slate-600\\"><img class=\\"max-w-48 max-h-48\\" src=\\"https://some-url/image-94.png\\" alt=\\"image-94.png\\"><span class=\\"w-full font-bold text-sm text-center py-1 bg-slate-700 text-slate-400\\">image-94.png</span></div>
    <div class=\\"tm-ig-image min-w-full bg-slate-700 flex flex-col cursor-pointer border-2 rounded-md overflow-hidden items-center justify-center border-slate-700 hover:border-slate-600\\"><img class=\\"max-w-48 max-h-48\\" src=\\"https://some-url/image-95.png\\" alt=\\"image-95.png\\"><span class=\\"w-full font-bold text-sm text-center py-1 bg-slate-700 text-slate-400\\">image-95.png</span></div>
    <div class=\\"tm-ig-image min-w-full bg-slate-700 flex flex-col cursor-pointer border-2 rounded-md overflow-hidden items-center justify-center border-slate-700 hover:border-slate-600\\"><img class=\\"max-w-48 max-h-48\\" src=\\"https://some-url/image-96.png\\" alt=\\"image-96.png\\"><span class=\\"w-full font-bold text-sm text-center py-1 bg-slate-700 text-slate-400\\">image-96.png</span></div>
    <div class=\\"tm-ig-image min-w-full bg-slate-700 flex flex-col cursor-pointer border-2 rounded-md overflow-hidden items-center justify-center border-slate-700 hover:border-slate-600\\"><img class=\\"max-w-48 max-h-48\\" src=\\"https://some-url/image-97.png\\" alt=\\"image-97.png\\"><span class=\\"w-full font-bold text-sm text-center py-1 bg-slate-700 text-slate-400\\">image-97.png</span></div>
    <div class=\\"tm-ig-image min-w-full bg-slate-700 flex flex-col cursor-pointer border-2 rounded-md overflow-hidden items-center justify-center border-slate-700 hover:border-slate-600\\"><img class=\\"max-w-48 max-h-48\\" src=\\"https://some-url/image-98.png\\" alt=\\"image-98.png\\"><span class=\\"w-full font-bold text-sm text-center py-1 bg-slate-700 text-slate-400\\">image-98.png</span></div>
    <div class=\\"tm-ig-image min-w-full bg-slate-700 flex flex-col cursor-pointer border-2 rounded-md overflow-hidden items-center justify-center border-slate-700 hover:border-slate-600\\"><img class=\\"max-w-48 max-h-48\\" src=\\"https://some-url/image-99.png\\" alt=\\"image-99.png\\"><span class=\\"w-full font-bold text-sm text-center py-1 bg-slate-700 text-slate-400\\">image-99.png</span></div>
  </div>
</div>"
`;
